error on line 210
error in function on line 184